// Jest Snapshot v1, https://goo.gl/fbAQLP

exports[`Carousel renders without crash 1`] = `
Object {
  "asFragment": [Function],
  "baseElement": <body>
    <div>
      <div
        class="MuiBox-root MuiBox-root-1 controls-container"
      />
      <div
        class="slick-slider slick-initialized"
      >
        
        <div
          class="slick-list"
        >
          <div
            class="slick-track"
            style="opacity: 1; transform: translate3d(0px, 0px, 0px);"
          >
            <div
              aria-hidden="false"
              class="slick-slide slick-active slick-current"
              data-index="0"
              style="outline: none; width: 0px;"
              tabindex="-1"
            >
              <div>
                <div
                  class="MuiPaper-root MuiCard-root card MuiPaper-elevation1 MuiPaper-rounded"
                >
                  <div
                    class="MuiCardContent-root"
                  >
                    <img
                      alt="forecast-icon"
                      class="MuiCardMedia-root image MuiCardMedia-media MuiCardMedia-img"
                      src="http://openweathermap.org/img/wn/01n@2x.png"
                    />
                    <p
                      class="MuiTypography-root MuiTypography-body2 MuiTypography-colorTextSecondary MuiTypography-alignCenter"
                    >
                      Clear
                    </p>
                    <h2
                      class="MuiTypography-root MuiTypography-h4 MuiTypography-gutterBottom MuiTypography-alignCenter"
                    >
                      277°C
                    </h2>
                    <p
                      class="MuiTypography-root MuiTypography-subtitle1 MuiTypography-colorTextSecondary MuiTypography-alignCenter"
                    >
                      24 Apr, 2021
                    </p>
                    <p
                      class="MuiTypography-root MuiTypography-subtitle1 MuiTypography-colorTextSecondary MuiTypography-alignCenter"
                    >
                      Average Temp: 
                      288°C
                    </p>
                  </div>
                </div>
              </div>
            </div>
            <div
              aria-hidden="false"
              class="slick-slide slick-active"
              data-index="1"
              style="outline: none; width: 0px;"
              tabindex="-1"
            >
              <div>
                <div
                  class="MuiPaper-root MuiCard-root card MuiPaper-elevation1 MuiPaper-rounded"
                >
                  <div
                    class="MuiCardContent-root"
                  >
                    <img
                      alt="forecast-icon"
                      class="MuiCardMedia-root image MuiCardMedia-media MuiCardMedia-img"
                      src="http://openweathermap.org/img/wn/01n@2x.png"
                    />
                    <p
                      class="MuiTypography-root MuiTypography-body2 MuiTypography-colorTextSecondary MuiTypography-alignCenter"
                    >
                      Clear
                    </p>
                    <h2
                      class="MuiTypography-root MuiTypography-h4 MuiTypography-gutterBottom MuiTypography-alignCenter"
                    >
                      276°C
                    </h2>
                    <p
                      class="MuiTypography-root MuiTypography-subtitle1 MuiTypography-colorTextSecondary MuiTypography-alignCenter"
                    >
                      24 Apr, 2021
                    </p>
                    <p
                      class="MuiTypography-root MuiTypography-subtitle1 MuiTypography-colorTextSecondary MuiTypography-alignCenter"
                    >
                      Average Temp: 
                      287°C
                    </p>
                  </div>
                </div>
              </div>
            </div>
            <div
              aria-hidden="false"
              class="slick-slide slick-active slick-cloned"
              data-index="2"
              style="width: 0px;"
              tabindex="-1"
            >
              <div>
                <div
                  class="MuiPaper-root MuiCard-root card MuiPaper-elevation1 MuiPaper-rounded"
                >
                  <div
                    class="MuiCardContent-root"
                  >
                    <img
                      alt="forecast-icon"
                      class="MuiCardMedia-root image MuiCardMedia-media MuiCardMedia-img"
                      src="http://openweathermap.org/img/wn/01n@2x.png"
                    />
                    <p
                      class="MuiTypography-root MuiTypography-body2 MuiTypography-colorTextSecondary MuiTypography-alignCenter"
                    >
                      Clear
                    </p>
                    <h2
                      class="MuiTypography-root MuiTypography-h4 MuiTypography-gutterBottom MuiTypography-alignCenter"
                    >
                      277°C
                    </h2>
                    <p
                      class="MuiTypography-root MuiTypography-subtitle1 MuiTypography-colorTextSecondary MuiTypography-alignCenter"
                    >
                      24 Apr, 2021
                    </p>
                    <p
                      class="MuiTypography-root MuiTypography-subtitle1 MuiTypography-colorTextSecondary MuiTypography-alignCenter"
                    >
                      Average Temp: 
                      288°C
                    </p>
                  </div>
                </div>
              </div>
            </div>
            <div
              aria-hidden="true"
              class="slick-slide slick-cloned"
              data-index="3"
              style="width: 0px;"
              tabindex="-1"
            >
              <div>
                <div
                  class="MuiPaper-root MuiCard-root card MuiPaper-elevation1 MuiPaper-rounded"
                >
                  <div
                    class="MuiCardContent-root"
                  >
                    <img
                      alt="forecast-icon"
                      class="MuiCardMedia-root image MuiCardMedia-media MuiCardMedia-img"
                      src="http://openweathermap.org/img/wn/01n@2x.png"
                    />
                    <p
                      class="MuiTypography-root MuiTypography-body2 MuiTypography-colorTextSecondary MuiTypography-alignCenter"
                    >
                      Clear
                    </p>
                    <h2
                      class="MuiTypography-root MuiTypography-h4 MuiTypography-gutterBottom MuiTypography-alignCenter"
                    >
                      276°C
                    </h2>
                    <p
                      class="MuiTypography-root MuiTypography-subtitle1 MuiTypography-colorTextSecondary MuiTypography-alignCenter"
                    >
                      24 Apr, 2021
                    </p>
                    <p
                      class="MuiTypography-root MuiTypography-subtitle1 MuiTypography-colorTextSecondary MuiTypography-alignCenter"
                    >
                      Average Temp: 
                      287°C
                    </p>
                  </div>
                </div>
              </div>
            </div>
          </div>
        </div>
        
        
      </div>
    </div>
  </body>,
  "container": <div>
    <div
      class="MuiBox-root MuiBox-root-1 controls-container"
    />
    <div
      class="slick-slider slick-initialized"
    >
      
      <div
        class="slick-list"
      >
        <div
          class="slick-track"
          style="opacity: 1; transform: translate3d(0px, 0px, 0px);"
        >
          <div
            aria-hidden="false"
            class="slick-slide slick-active slick-current"
            data-index="0"
            style="outline: none; width: 0px;"
            tabindex="-1"
          >
            <div>
              <div
                class="MuiPaper-root MuiCard-root card MuiPaper-elevation1 MuiPaper-rounded"
              >
                <div
                  class="MuiCardContent-root"
                >
                  <img
                    alt="forecast-icon"
                    class="MuiCardMedia-root image MuiCardMedia-media MuiCardMedia-img"
                    src="http://openweathermap.org/img/wn/01n@2x.png"
                  />
                  <p
                    class="MuiTypography-root MuiTypography-body2 MuiTypography-colorTextSecondary MuiTypography-alignCenter"
                  >
                    Clear
                  </p>
                  <h2
                    class="MuiTypography-root MuiTypography-h4 MuiTypography-gutterBottom MuiTypography-alignCenter"
                  >
                    277°C
                  </h2>
                  <p
                    class="MuiTypography-root MuiTypography-subtitle1 MuiTypography-colorTextSecondary MuiTypography-alignCenter"
                  >
                    24 Apr, 2021
                  </p>
                  <p
                    class="MuiTypography-root MuiTypography-subtitle1 MuiTypography-colorTextSecondary MuiTypography-alignCenter"
                  >
                    Average Temp: 
                    288°C
                  </p>
                </div>
              </div>
            </div>
          </div>
          <div
            aria-hidden="false"
            class="slick-slide slick-active"
            data-index="1"
            style="outline: none; width: 0px;"
            tabindex="-1"
          >
            <div>
              <div
                class="MuiPaper-root MuiCard-root card MuiPaper-elevation1 MuiPaper-rounded"
              >
                <div
                  class="MuiCardContent-root"
                >
                  <img
                    alt="forecast-icon"
                    class="MuiCardMedia-root image MuiCardMedia-media MuiCardMedia-img"
                    src="http://openweathermap.org/img/wn/01n@2x.png"
                  />
                  <p
                    class="MuiTypography-root MuiTypography-body2 MuiTypography-colorTextSecondary MuiTypography-alignCenter"
                  >
                    Clear
                  </p>
                  <h2
                    class="MuiTypography-root MuiTypography-h4 MuiTypography-gutterBottom MuiTypography-alignCenter"
                  >
                    276°C
                  </h2>
                  <p
                    class="MuiTypography-root MuiTypography-subtitle1 MuiTypography-colorTextSecondary MuiTypography-alignCenter"
                  >
                    24 Apr, 2021
                  </p>
                  <p
                    class="MuiTypography-root MuiTypography-subtitle1 MuiTypography-colorTextSecondary MuiTypography-alignCenter"
                  >
                    Average Temp: 
                    287°C
                  </p>
                </div>
              </div>
            </div>
          </div>
          <div
            aria-hidden="false"
            class="slick-slide slick-active slick-cloned"
            data-index="2"
            style="width: 0px;"
            tabindex="-1"
          >
            <div>
              <div
                class="MuiPaper-root MuiCard-root card MuiPaper-elevation1 MuiPaper-rounded"
              >
                <div
                  class="MuiCardContent-root"
                >
                  <img
                    alt="forecast-icon"
                    class="MuiCardMedia-root image MuiCardMedia-media MuiCardMedia-img"
                    src="http://openweathermap.org/img/wn/01n@2x.png"
                  />
                  <p
                    class="MuiTypography-root MuiTypography-body2 MuiTypography-colorTextSecondary MuiTypography-alignCenter"
                  >
                    Clear
                  </p>
                  <h2
                    class="MuiTypography-root MuiTypography-h4 MuiTypography-gutterBottom MuiTypography-alignCenter"
                  >
                    277°C
                  </h2>
                  <p
                    class="MuiTypography-root MuiTypography-subtitle1 MuiTypography-colorTextSecondary MuiTypography-alignCenter"
                  >
                    24 Apr, 2021
                  </p>
                  <p
                    class="MuiTypography-root MuiTypography-subtitle1 MuiTypography-colorTextSecondary MuiTypography-alignCenter"
                  >
                    Average Temp: 
                    288°C
                  </p>
                </div>
              </div>
            </div>
          </div>
          <div
            aria-hidden="true"
            class="slick-slide slick-cloned"
            data-index="3"
            style="width: 0px;"
            tabindex="-1"
          >
            <div>
              <div
                class="MuiPaper-root MuiCard-root card MuiPaper-elevation1 MuiPaper-rounded"
              >
                <div
                  class="MuiCardContent-root"
                >
                  <img
                    alt="forecast-icon"
                    class="MuiCardMedia-root image MuiCardMedia-media MuiCardMedia-img"
                    src="http://openweathermap.org/img/wn/01n@2x.png"
                  />
                  <p
                    class="MuiTypography-root MuiTypography-body2 MuiTypography-colorTextSecondary MuiTypography-alignCenter"
                  >
                    Clear
                  </p>
                  <h2
                    class="MuiTypography-root MuiTypography-h4 MuiTypography-gutterBottom MuiTypography-alignCenter"
                  >
                    276°C
                  </h2>
                  <p
                    class="MuiTypography-root MuiTypography-subtitle1 MuiTypography-colorTextSecondary MuiTypography-alignCenter"
                  >
                    24 Apr, 2021
                  </p>
                  <p
                    class="MuiTypography-root MuiTypography-subtitle1 MuiTypography-colorTextSecondary MuiTypography-alignCenter"
                  >
                    Average Temp: 
                    287°C
                  </p>
                </div>
              </div>
            </div>
          </div>
        </div>
      </div>
      
      
    </div>
  </div>,
  "debug": [Function],
  "findAllByAltText": [Function],
  "findAllByDisplayValue": [Function],
  "findAllByLabelText": [Function],
  "findAllByPlaceholderText": [Function],
  "findAllByRole": [Function],
  "findAllByTestId": [Function],
  "findAllByText": [Function],
  "findAllByTitle": [Function],
  "findByAltText": [Function],
  "findByDisplayValue": [Function],
  "findByLabelText": [Function],
  "findByPlaceholderText": [Function],
  "findByRole": [Function],
  "findByTestId": [Function],
  "findByText": [Function],
  "findByTitle": [Function],
  "getAllByAltText": [Function],
  "getAllByDisplayValue": [Function],
  "getAllByLabelText": [Function],
  "getAllByPlaceholderText": [Function],
  "getAllByRole": [Function],
  "getAllByTestId": [Function],
  "getAllByText": [Function],
  "getAllByTitle": [Function],
  "getByAltText": [Function],
  "getByDisplayValue": [Function],
  "getByLabelText": [Function],
  "getByPlaceholderText": [Function],
  "getByRole": [Function],
  "getByTestId": [Function],
  "getByText": [Function],
  "getByTitle": [Function],
  "queryAllByAltText": [Function],
  "queryAllByDisplayValue": [Function],
  "queryAllByLabelText": [Function],
  "queryAllByPlaceholderText": [Function],
  "queryAllByRole": [Function],
  "queryAllByTestId": [Function],
  "queryAllByText": [Function],
  "queryAllByTitle": [Function],
  "queryByAltText": [Function],
  "queryByDisplayValue": [Function],
  "queryByLabelText": [Function],
  "queryByPlaceholderText": [Function],
  "queryByRole": [Function],
  "queryByTestId": [Function],
  "queryByText": [Function],
  "queryByTitle": [Function],
  "rerender": [Function],
  "unmount": [Function],
}
`;
